src/components/SEO.tsx(2,24): error TS2792: Cannot find module 'react-helmet-async'. Did you mean to set the 'moduleResolution' option to 'nodenext', or to add aliases to the 'paths' option?
src/components/SEO.tsx(108,13): error TS2339: Property 'title' does not exist on type 'JSX.IntrinsicElements'.
src/components/SEO.tsx(108,31): error TS2339: Property 'title' does not exist on type 'JSX.IntrinsicElements'.
src/components/SEO.tsx(109,13): error TS2339: Property 'meta' does not exist on type 'JSX.IntrinsicElements'.
src/components/SEO.tsx(110,13): error TS2339: Property 'meta' does not exist on type 'JSX.IntrinsicElements'.
src/components/SEO.tsx(111,13): error TS2339: Property 'link' does not exist on type 'JSX.IntrinsicElements'.
src/components/SEO.tsx(114,13): error TS2339: Property 'meta' does not exist on type 'JSX.IntrinsicElements'.
src/components/SEO.tsx(115,25): error TS2339: Property 'meta' does not exist on type 'JSX.IntrinsicElements'.
src/components/SEO.tsx(116,13): error TS2339: Property 'meta' does not exist on type 'JSX.IntrinsicElements'.
src/components/SEO.tsx(117,27): error TS2339: Property 'meta' does not exist on type 'JSX.IntrinsicElements'.
src/components/SEO.tsx(118,33): error TS2339: Property 'meta' does not exist on type 'JSX.IntrinsicElements'.
src/components/SEO.tsx(119,27): error TS2339: Property 'meta' does not exist on type 'JSX.IntrinsicElements'.
src/components/SEO.tsx(122,13): error TS2339: Property 'meta' does not exist on type 'JSX.IntrinsicElements'.
src/components/SEO.tsx(123,33): error TS2339: Property 'meta' does not exist on type 'JSX.IntrinsicElements'.
src/components/SEO.tsx(124,27): error TS2339: Property 'meta' does not exist on type 'JSX.IntrinsicElements'.
src/components/SEO.tsx(125,33): error TS2339: Property 'meta' does not exist on type 'JSX.IntrinsicElements'.
src/components/SEO.tsx(126,27): error TS2339: Property 'meta' does not exist on type 'JSX.IntrinsicElements'.
src/components/SEO.tsx(129,13): error TS2339: Property 'script' does not exist on type 'JSX.IntrinsicElements'.
src/components/SEO.tsx(129,84): error TS2339: Property 'script' does not exist on type 'JSX.IntrinsicElements'.
src/components/SEO.tsx(130,13): error TS2339: Property 'script' does not exist on type 'JSX.IntrinsicElements'.
src/components/SEO.tsx(130,79): error TS2339: Property 'script' does not exist on type 'JSX.IntrinsicElements'.
src/components/SEO.tsx(131,13): error TS2339: Property 'script' does not exist on type 'JSX.IntrinsicElements'.
src/components/SEO.tsx(131,80): error TS2339: Property 'script' does not exist on type 'JSX.IntrinsicElements'.
src/components/SEO.tsx(132,13): error TS2339: Property 'script' does not exist on type 'JSX.IntrinsicElements'.
src/components/SEO.tsx(132,82): error TS2339: Property 'script' does not exist on type 'JSX.IntrinsicElements'.
src/components/SEO.tsx(135,17): error TS2339: Property 'script' does not exist on type 'JSX.IntrinsicElements'.
src/components/SEO.tsx(137,17): error TS2339: Property 'script' does not exist on type 'JSX.IntrinsicElements'.
src/pages/AboutUs.tsx(2,24): error TS2792: Cannot find module 'framer-motion'. Did you mean to set the 'moduleResolution' option to 'nodenext', or to add aliases to the 'paths' option?
src/pages/AboutUs.tsx(3,93): error TS2792: Cannot find module 'lucide-react'. Did you mean to set the 'moduleResolution' option to 'nodenext', or to add aliases to the 'paths' option?
src/pages/AboutUs.tsx(4,22): error TS2792: Cannot find module 'react-router-dom'. Did you mean to set the 'moduleResolution' option to 'nodenext', or to add aliases to the 'paths' option?
src/pages/AboutUs.tsx(24,13): error TS2339: Property 'div' does not exist on type 'JSX.IntrinsicElements'.
src/pages/AboutUs.tsx(27,17): error TS2339: Property 'div' does not exist on type 'JSX.IntrinsicElements'.
src/pages/AboutUs.tsx(28,21): error TS2339: Property 'div' does not exist on type 'JSX.IntrinsicElements'.
src/pages/AboutUs.tsx(30,29): error TS2339: Property 'h1' does not exist on type 'JSX.IntrinsicElements'.
src/pages/AboutUs.tsx(30,114): error TS2339: Property 'h1' does not exist on type 'JSX.IntrinsicElements'.
src/pages/AboutUs.tsx(31,29): error TS2339: Property 'span' does not exist on type 'JSX.IntrinsicElements'.
src/pages/AboutUs.tsx(31,122): error TS2339: Property 'span' does not exist on type 'JSX.IntrinsicElements'.
src/pages/AboutUs.tsx(32,29): error TS2339: Property 'div' does not exist on type 'JSX.IntrinsicElements'.
src/pages/AboutUs.tsx(33,33): error TS2339: Property 'p' does not exist on type 'JSX.IntrinsicElements'.
src/pages/AboutUs.tsx(35,33): error TS2339: Property 'p' does not exist on type 'JSX.IntrinsicElements'.
src/pages/AboutUs.tsx(36,33): error TS2339: Property 'p' does not exist on type 'JSX.IntrinsicElements'.
src/pages/AboutUs.tsx(38,33): error TS2339: Property 'p' does not exist on type 'JSX.IntrinsicElements'.
src/pages/AboutUs.tsx(39,29): error TS2339: Property 'div' does not exist on type 'JSX.IntrinsicElements'.
src/pages/AboutUs.tsx(47,29): error TS2339: Property 'img' does not exist on type 'JSX.IntrinsicElements'.
src/pages/AboutUs.tsx(53,21): error TS2339: Property 'div' does not exist on type 'JSX.IntrinsicElements'.
src/pages/AboutUs.tsx(56,21): error TS2339: Property 'div' does not exist on type 'JSX.IntrinsicElements'.
src/pages/AboutUs.tsx(69,33): error TS2339: Property 'div' does not exist on type 'JSX.IntrinsicElements'.
src/pages/AboutUs.tsx(71,33): error TS2339: Property 'div' does not exist on type 'JSX.IntrinsicElements'.
src/pages/AboutUs.tsx(72,33): error TS2339: Property 'h3' does not exist on type 'JSX.IntrinsicElements'.
src/pages/AboutUs.tsx(72,99): error TS2339: Property 'h3' does not exist on type 'JSX.IntrinsicElements'.
src/pages/AboutUs.tsx(73,33): error TS2339: Property 'p' does not exist on type 'JSX.IntrinsicElements'.
src/pages/AboutUs.tsx(73,97): error TS2339: Property 'p' does not exist on type 'JSX.IntrinsicElements'.
src/pages/AboutUs.tsx(76,21): error TS2339: Property 'div' does not exist on type 'JSX.IntrinsicElements'.
src/pages/AboutUs.tsx(79,21): error TS2339: Property 'div' does not exist on type 'JSX.IntrinsicElements'.
src/pages/AboutUs.tsx(80,25): error TS2339: Property 'span' does not exist on type 'JSX.IntrinsicElements'.
src/pages/AboutUs.tsx(80,122): error TS2339: Property 'span' does not exist on type 'JSX.IntrinsicElements'.
src/pages/AboutUs.tsx(81,25): error TS2339: Property 'h2' does not exist on type 'JSX.IntrinsicElements'.
src/pages/AboutUs.tsx(81,96): error TS2339: Property 'h2' does not exist on type 'JSX.IntrinsicElements'.
src/pages/AboutUs.tsx(82,21): error TS2339: Property 'div' does not exist on type 'JSX.IntrinsicElements'.
src/pages/AboutUs.tsx(84,21): error TS2339: Property 'div' does not exist on type 'JSX.IntrinsicElements'.
src/pages/AboutUs.tsx(98,33): error TS2339: Property 'div' does not exist on type 'JSX.IntrinsicElements'.
src/pages/AboutUs.tsx(100,33): error TS2339: Property 'div' does not exist on type 'JSX.IntrinsicElements'.
src/pages/AboutUs.tsx(101,33): error TS2339: Property 'h3' does not exist on type 'JSX.IntrinsicElements'.
src/pages/AboutUs.tsx(101,98): error TS2339: Property 'h3' does not exist on type 'JSX.IntrinsicElements'.
src/pages/AboutUs.tsx(102,33): error TS2339: Property 'p' does not exist on type 'JSX.IntrinsicElements'.
src/pages/AboutUs.tsx(102,97): error TS2339: Property 'p' does not exist on type 'JSX.IntrinsicElements'.
src/pages/AboutUs.tsx(105,21): error TS2339: Property 'div' does not exist on type 'JSX.IntrinsicElements'.
src/pages/AboutUs.tsx(106,17): error TS2339: Property 'div' does not exist on type 'JSX.IntrinsicElements'.
src/pages/AboutUs.tsx(109,17): error TS2339: Property 'div' does not exist on type 'JSX.IntrinsicElements'.
src/pages/AboutUs.tsx(110,21): error TS2339: Property 'div' does not exist on type 'JSX.IntrinsicElements'.
src/pages/AboutUs.tsx(111,25): error TS2339: Property 'div' does not exist on type 'JSX.IntrinsicElements'.
src/pages/AboutUs.tsx(112,29): error TS2339: Property 'h2' does not exist on type 'JSX.IntrinsicElements'.
src/pages/AboutUs.tsx(112,114): error TS2339: Property 'h2' does not exist on type 'JSX.IntrinsicElements'.
src/pages/AboutUs.tsx(113,29): error TS2339: Property 'p' does not exist on type 'JSX.IntrinsicElements'.
src/pages/AboutUs.tsx(115,29): error TS2339: Property 'p' does not exist on type 'JSX.IntrinsicElements'.
src/pages/AboutUs.tsx(116,25): error TS2339: Property 'div' does not exist on type 'JSX.IntrinsicElements'.
src/pages/AboutUs.tsx(118,25): error TS2339: Property 'div' does not exist on type 'JSX.IntrinsicElements'.
src/pages/AboutUs.tsx(129,37): error TS2339: Property 'div' does not exist on type 'JSX.IntrinsicElements'.
src/pages/AboutUs.tsx(131,37): error TS2339: Property 'div' does not exist on type 'JSX.IntrinsicElements'.
src/pages/AboutUs.tsx(132,37): error TS2339: Property 'h3' does not exist on type 'JSX.IntrinsicElements'.
src/pages/AboutUs.tsx(132,102): error TS2339: Property 'h3' does not exist on type 'JSX.IntrinsicElements'.
src/pages/AboutUs.tsx(133,37): error TS2339: Property 'p' does not exist on type 'JSX.IntrinsicElements'.
src/pages/AboutUs.tsx(133,104): error TS2339: Property 'p' does not exist on type 'JSX.IntrinsicElements'.
src/pages/AboutUs.tsx(136,25): error TS2339: Property 'div' does not exist on type 'JSX.IntrinsicElements'.
src/pages/AboutUs.tsx(137,21): error TS2339: Property 'div' does not exist on type 'JSX.IntrinsicElements'.
src/pages/AboutUs.tsx(138,17): error TS2339: Property 'div' does not exist on type 'JSX.IntrinsicElements'.
src/pages/AboutUs.tsx(140,17): error TS2339: Property 'div' does not exist on type 'JSX.IntrinsicElements'.
src/pages/AboutUs.tsx(142,21): error TS2339: Property 'div' does not exist on type 'JSX.IntrinsicElements'.
src/pages/AboutUs.tsx(144,25): error TS2339: Property 'div' does not exist on type 'JSX.IntrinsicElements'.
src/pages/AboutUs.tsx(144,178): error TS2339: Property 'div' does not exist on type 'JSX.IntrinsicElements'.
src/pages/AboutUs.tsx(145,25): error TS2339: Property 'div' does not exist on type 'JSX.IntrinsicElements'.
src/pages/AboutUs.tsx(145,177): error TS2339: Property 'div' does not exist on type 'JSX.IntrinsicElements'.
src/pages/AboutUs.tsx(147,25): error TS2339: Property 'div' does not exist on type 'JSX.IntrinsicElements'.
src/pages/AboutUs.tsx(148,29): error TS2339: Property 'div' does not exist on type 'JSX.IntrinsicElements'.
src/pages/AboutUs.tsx(149,33): error TS2339: Property 'h2' does not exist on type 'JSX.IntrinsicElements'.
src/pages/AboutUs.tsx(149,106): error TS2339: Property 'h2' does not exist on type 'JSX.IntrinsicElements'.
src/pages/AboutUs.tsx(150,33): error TS2339: Property 'p' does not exist on type 'JSX.IntrinsicElements'.
src/pages/AboutUs.tsx(152,33): error TS2339: Property 'p' does not exist on type 'JSX.IntrinsicElements'.
src/pages/AboutUs.tsx(153,29): error TS2339: Property 'div' does not exist on type 'JSX.IntrinsicElements'.
src/pages/AboutUs.tsx(155,29): error TS2339: Property 'div' does not exist on type 'JSX.IntrinsicElements'.
src/pages/AboutUs.tsx(168,45): error TS2339: Property 'h3' does not exist on type 'JSX.IntrinsicElements'.
src/pages/AboutUs.tsx(168,110): error TS2339: Property 'h3' does not exist on type 'JSX.IntrinsicElements'.
src/pages/AboutUs.tsx(169,45): error TS2339: Property 'p' does not exist on type 'JSX.IntrinsicElements'.
src/pages/AboutUs.tsx(169,112): error TS2339: Property 'p' does not exist on type 'JSX.IntrinsicElements'.
src/pages/AboutUs.tsx(173,29): error TS2339: Property 'div' does not exist on type 'JSX.IntrinsicElements'.
src/pages/AboutUs.tsx(174,25): error TS2339: Property 'div' does not exist on type 'JSX.IntrinsicElements'.
src/pages/AboutUs.tsx(175,21): error TS2339: Property 'div' does not exist on type 'JSX.IntrinsicElements'.
src/pages/AboutUs.tsx(178,21): error TS2339: Property 'div' does not exist on type 'JSX.IntrinsicElements'.
src/pages/AboutUs.tsx(179,25): error TS2339: Property 'div' does not exist on type 'JSX.IntrinsicElements'.
src/pages/AboutUs.tsx(180,29): error TS2339: Property 'span' does not exist on type 'JSX.IntrinsicElements'.
src/pages/AboutUs.tsx(180,122): error TS2339: Property 'span' does not exist on type 'JSX.IntrinsicElements'.
src/pages/AboutUs.tsx(181,29): error TS2339: Property 'h2' does not exist on type 'JSX.IntrinsicElements'.
src/pages/AboutUs.tsx(181,98): error TS2339: Property 'h2' does not exist on type 'JSX.IntrinsicElements'.
src/pages/AboutUs.tsx(182,29): error TS2339: Property 'div' does not exist on type 'JSX.IntrinsicElements'.
src/pages/AboutUs.tsx(182,91): error TS2339: Property 'div' does not exist on type 'JSX.IntrinsicElements'.
src/pages/AboutUs.tsx(183,25): error TS2339: Property 'div' does not exist on type 'JSX.IntrinsicElements'.
src/pages/AboutUs.tsx(185,25): error TS2339: Property 'div' does not exist on type 'JSX.IntrinsicElements'.
src/pages/AboutUs.tsx(221,37): error TS2339: Property 'div' does not exist on type 'JSX.IntrinsicElements'.
src/pages/AboutUs.tsx(223,45): error TS2339: Property 'img' does not exist on type 'JSX.IntrinsicElements'.
src/pages/AboutUs.tsx(229,45): error TS2339: Property 'div' does not exist on type 'JSX.IntrinsicElements'.
src/pages/AboutUs.tsx(231,45): error TS2339: Property 'div' does not exist on type 'JSX.IntrinsicElements'.
src/pages/AboutUs.tsx(233,41): error TS2339: Property 'div' does not exist on type 'JSX.IntrinsicElements'.
src/pages/AboutUs.tsx(234,45): error TS2339: Property 'div' does not exist on type 'JSX.IntrinsicElements'.
src/pages/AboutUs.tsx(236,45): error TS2339: Property 'div' does not exist on type 'JSX.IntrinsicElements'.
src/pages/AboutUs.tsx(237,41): error TS2339: Property 'div' does not exist on type 'JSX.IntrinsicElements'.
src/pages/AboutUs.tsx(238,37): error TS2339: Property 'div' does not exist on type 'JSX.IntrinsicElements'.
src/pages/AboutUs.tsx(239,37): error TS2339: Property 'div' does not exist on type 'JSX.IntrinsicElements'.
src/pages/AboutUs.tsx(240,41): error TS2339: Property 'h3' does not exist on type 'JSX.IntrinsicElements'.
src/pages/AboutUs.tsx(240,108): error TS2339: Property 'h3' does not exist on type 'JSX.IntrinsicElements'.
src/pages/AboutUs.tsx(241,41): error TS2339: Property 'p' does not exist on type 'JSX.IntrinsicElements'.
src/pages/AboutUs.tsx(241,123): error TS2339: Property 'p' does not exist on type 'JSX.IntrinsicElements'.
src/pages/AboutUs.tsx(242,37): error TS2339: Property 'div' does not exist on type 'JSX.IntrinsicElements'.
src/pages/AboutUs.tsx(245,25): error TS2339: Property 'div' does not exist on type 'JSX.IntrinsicElements'.
src/pages/AboutUs.tsx(246,21): error TS2339: Property 'div' does not exist on type 'JSX.IntrinsicElements'.
src/pages/AboutUs.tsx(249,21): error TS2339: Property 'div' does not exist on type 'JSX.IntrinsicElements'.
src/pages/AboutUs.tsx(251,29): error TS2339: Property 'div' does not exist on type 'JSX.IntrinsicElements'.
src/pages/AboutUs.tsx(252,33): error TS2339: Property 'img' does not exist on type 'JSX.IntrinsicElements'.
src/pages/AboutUs.tsx(257,29): error TS2339: Property 'div' does not exist on type 'JSX.IntrinsicElements'.
src/pages/AboutUs.tsx(258,29): error TS2339: Property 'h2' does not exist on type 'JSX.IntrinsicElements'.
src/pages/AboutUs.tsx(258,95): error TS2339: Property 'h2' does not exist on type 'JSX.IntrinsicElements'.
src/pages/AboutUs.tsx(259,29): error TS2339: Property 'div' does not exist on type 'JSX.IntrinsicElements'.
src/pages/AboutUs.tsx(260,33): error TS2339: Property 'p' does not exist on type 'JSX.IntrinsicElements'.
src/pages/AboutUs.tsx(262,33): error TS2339: Property 'p' does not exist on type 'JSX.IntrinsicElements'.
src/pages/AboutUs.tsx(263,33): error TS2339: Property 'p' does not exist on type 'JSX.IntrinsicElements'.
src/pages/AboutUs.tsx(265,33): error TS2339: Property 'p' does not exist on type 'JSX.IntrinsicElements'.
src/pages/AboutUs.tsx(266,29): error TS2339: Property 'div' does not exist on type 'JSX.IntrinsicElements'.
src/pages/AboutUs.tsx(274,29): error TS2339: Property 'h2' does not exist on type 'JSX.IntrinsicElements'.
src/pages/AboutUs.tsx(274,97): error TS2339: Property 'h2' does not exist on type 'JSX.IntrinsicElements'.
src/pages/AboutUs.tsx(275,29): error TS2339: Property 'p' does not exist on type 'JSX.IntrinsicElements'.
src/pages/AboutUs.tsx(277,29): error TS2339: Property 'p' does not exist on type 'JSX.IntrinsicElements'.
src/pages/AboutUs.tsx(278,29): error TS2339: Property 'p' does not exist on type 'JSX.IntrinsicElements'.
src/pages/AboutUs.tsx(280,29): error TS2339: Property 'p' does not exist on type 'JSX.IntrinsicElements'.
src/pages/AboutUs.tsx(281,29): error TS2339: Property 'div' does not exist on type 'JSX.IntrinsicElements'.
src/pages/AboutUs.tsx(283,29): error TS2339: Property 'div' does not exist on type 'JSX.IntrinsicElements'.
src/pages/AboutUs.tsx(285,21): error TS2339: Property 'div' does not exist on type 'JSX.IntrinsicElements'.
src/pages/AboutUs.tsx(287,17): error TS2339: Property 'div' does not exist on type 'JSX.IntrinsicElements'.
src/pages/AboutUs.tsx(288,13): error TS2339: Property 'div' does not exist on type 'JSX.IntrinsicElements'.
